Text(echo),
Whitespace,
DoubleQuote,
Text(This),
Whitespace,
Text(is),
Whitespace,
Text(a),
Whitespace,
SingleQuote,
Text(test),
SingleQuote,
Text(.),
Whitespace,
Text(I),
Whitespace,
Text(repeat,),
Whitespace,
Text(a),
Whitespace,
Escape,
DoubleQuote,
Text(TEST),
Escape,
DoubleQuote,
DoubleQuote,
Whitespace,
SingleQuote,
Text(See?),
SingleQuote
